{"messages":[{"type":"info","message":"The Content-Type was “text/html”. Using the HTML parser."},{"type":"info","message":"Using the schema for HTML with SVG 1.1, MathML 3.0, RDFa 1.1, and ITS 2.0 support."},{"type":"info","lastLine":25,"lastColumn":12,"firstColumn":4,"subType":"warning","message":"Article lacks heading. Consider using “h2”-“h6” elements to add identifying headings to all articles.","extract":"eader>\n   <article>\n     ","hiliteStart":10,"hiliteLength":9},{"type":"info","lastLine":32,"lastColumn":11,"firstColumn":8,"subType":"warning","message":"Consider using the “h1” element as a top-level heading only (all “h1” elements are treated as top-level headings by many screen readers and other tools).","extract":"r>\n       <h1>Articl","hiliteStart":10,"hiliteLength":4}]}
